// Jest Snapshot v1, https://goo.gl/fbAQLP

exports[`IconButton Component matches snapshots 1`] = `
<View
  accessible={true}
  collapsable={false}
  focusable={true}
  nativeID="animatedComponent"
  onClick={[Function]}
  onResponderGrant={[Function]}
  onResponderMove={[Function]}
  onResponderRelease={[Function]}
  onResponderTerminate={[Function]}
  onResponderTerminationRequest={[Function]}
  onStartShouldSetResponder={[Function]}
  style={
    Object {
      "alignItems": "center",
      "borderColor": "rgba(51, 51, 51, 0.2)",
      "borderRadius": 16,
      "borderStyle": "solid",
      "borderWidth": 1,
      "height": 32,
      "justifyContent": "center",
      "opacity": 1,
      "width": 32,
    }
  }
>
  <Text
    allowFontScaling={false}
    style={
      Array [
        Object {
          "color": "#333333",
          "fontSize": 16,
        },
        undefined,
        Object {
          "fontFamily": "Ionicons",
          "fontStyle": "normal",
          "fontWeight": "normal",
        },
        Object {},
      ]
    }
  >
    ï„¨
  </Text>
</View>
`;

exports[`IconButton Component matches snapshots 2`] = `undefined`;
