// Jest Snapshot v1, https://goo.gl/fbAQLP

exports[`BookDetail Screen matches snapshot 1`] = `
<RCTSafeAreaView
  emulateUnlessSupported={true}
  style={
    Array [
      Object {
        "backgroundColor": "#ffffff",
        "flexBasis": 0,
        "flexGrow": 1,
        "flexShrink": 1,
      },
    ]
  }
>
  <RCTScrollView
    contentContainerStyle={
      Object {
        "paddingHorizontal": 16,
        "paddingTop": 16,
      }
    }
    showsVerticalScrollIndicator={false}
    style={
      Array [
        Object {},
      ]
    }
  >
    <View>
      <View
        accessible={true}
        collapsable={false}
        focusable={true}
        nativeID="animatedComponent"
        onClick={[Function]}
        onResponderGrant={[Function]}
        onResponderMove={[Function]}
        onResponderRelease={[Function]}
        onResponderTerminate={[Function]}
        onResponderTerminationRequest={[Function]}
        onStartShouldSetResponder={[Function]}
        style={
          Object {
            "alignItems": "center",
            "borderColor": "rgba(51, 51, 51, 0.2)",
            "borderRadius": 16,
            "borderStyle": "solid",
            "borderWidth": 1,
            "height": 32,
            "justifyContent": "center",
            "opacity": 1,
            "width": 32,
          }
        }
      >
        <Text
          allowFontScaling={false}
          style={
            Array [
              Object {
                "color": "#333333",
                "fontSize": 16,
              },
              undefined,
              Object {
                "fontFamily": "Ionicons",
                "fontStyle": "normal",
                "fontWeight": "normal",
              },
              Object {},
            ]
          }
        >
          
        </Text>
      </View>
      <View
        style={
          Array [
            Object {
              "paddingBottom": 40,
              "paddingLeft": 40,
              "paddingRight": 40,
              "paddingTop": 12,
            },
          ]
        }
      >
        <Image
          resizeMode="contain"
          source={
            Object {
              "uri": "",
            }
          }
          style={
            Array [
              Object {
                "height": 351,
                "marginBottom": 24,
                "marginTop": 12,
              },
            ]
          }
        />
        <Text
          numberOfLines={2}
          style={
            Array [
              Object {
                "color": "#333333",
                "fontFamily": "Heebo-Medium",
                "fontSize": 28,
              },
            ]
          }
        >
          
        </Text>
        <View
          style={
            Array [
              Object {
                "flexDirection": "row",
              },
            ]
          }
        >
          <Text
            style={
              Array [
                Object {
                  "color": "#AB2680",
                  "fontFamily": "Heebo-Regular",
                  "fontSize": 12,
                },
              ]
            }
          >
            
          </Text>
        </View>
        <View
          style={
            Array [
              Object {
                "marginTop": 32,
              },
            ]
          }
        >
          <Text
            style={
              Array [
                Object {
                  "color": "#333333",
                  "fontFamily": "Heebo-Medium",
                  "fontSize": 16,
                  "marginBottom": 14,
                  "textTransform": "uppercase",
                },
              ]
            }
          >
            Informações
          </Text>
          <View
            style={
              Array [
                Object {
                  "alignItems": "center",
                  "flexDirection": "row",
                  "justifyContent": "space-between",
                  "marginBottom": 4,
                  "marginLeft": 0,
                  "marginRight": 0,
                  "marginTop": 4,
                  "width": "100%",
                },
              ]
            }
          >
            <Text
              style={
                Array [
                  Object {
                    "color": "#333333",
                    "fontFamily": "Heebo-Medium",
                    "fontSize": 12,
                  },
                ]
              }
            >
              Páginas
            </Text>
            <Text
              style={
                Array [
                  Object {
                    "color": "#999999",
                    "fontFamily": "Heebo-Regular",
                    "fontSize": 14,
                  },
                ]
              }
            >
              1
               páginas
            </Text>
          </View>
          <View
            style={
              Array [
                Object {
                  "alignItems": "center",
                  "flexDirection": "row",
                  "justifyContent": "space-between",
                  "marginBottom": 4,
                  "marginLeft": 0,
                  "marginRight": 0,
                  "marginTop": 4,
                  "width": "100%",
                },
              ]
            }
          >
            <Text
              style={
                Array [
                  Object {
                    "color": "#333333",
                    "fontFamily": "Heebo-Medium",
                    "fontSize": 12,
                  },
                ]
              }
            >
              Editora
            </Text>
            <Text
              style={
                Array [
                  Object {
                    "color": "#999999",
                    "fontFamily": "Heebo-Regular",
                    "fontSize": 14,
                  },
                ]
              }
            >
              
            </Text>
          </View>
          <View
            style={
              Array [
                Object {
                  "alignItems": "center",
                  "flexDirection": "row",
                  "justifyContent": "space-between",
                  "marginBottom": 4,
                  "marginLeft": 0,
                  "marginRight": 0,
                  "marginTop": 4,
                  "width": "100%",
                },
              ]
            }
          >
            <Text
              style={
                Array [
                  Object {
                    "color": "#333333",
                    "fontFamily": "Heebo-Medium",
                    "fontSize": 12,
                  },
                ]
              }
            >
              Publicação
            </Text>
            <Text
              style={
                Array [
                  Object {
                    "color": "#999999",
                    "fontFamily": "Heebo-Regular",
                    "fontSize": 14,
                  },
                ]
              }
            >
              0
            </Text>
          </View>
          <View
            style={
              Array [
                Object {
                  "alignItems": "center",
                  "flexDirection": "row",
                  "justifyContent": "space-between",
                  "marginBottom": 4,
                  "marginLeft": 0,
                  "marginRight": 0,
                  "marginTop": 4,
                  "width": "100%",
                },
              ]
            }
          >
            <Text
              style={
                Array [
                  Object {
                    "color": "#333333",
                    "fontFamily": "Heebo-Medium",
                    "fontSize": 12,
                  },
                ]
              }
            >
              Idioma
            </Text>
            <Text
              style={
                Array [
                  Object {
                    "color": "#999999",
                    "fontFamily": "Heebo-Regular",
                    "fontSize": 14,
                  },
                ]
              }
            >
              
            </Text>
          </View>
          <View
            style={
              Array [
                Object {
                  "alignItems": "center",
                  "flexDirection": "row",
                  "justifyContent": "space-between",
                  "marginBottom": 4,
                  "marginLeft": 0,
                  "marginRight": 0,
                  "marginTop": 4,
                  "width": "100%",
                },
              ]
            }
          >
            <Text
              style={
                Array [
                  Object {
                    "color": "#333333",
                    "fontFamily": "Heebo-Medium",
                    "fontSize": 12,
                  },
                ]
              }
            >
              Título Original
            </Text>
            <Text
              style={
                Array [
                  Object {
                    "color": "#999999",
                    "fontFamily": "Heebo-Regular",
                    "fontSize": 14,
                  },
                ]
              }
            >
              
               
            </Text>
          </View>
          <View
            style={
              Array [
                Object {
                  "alignItems": "center",
                  "flexDirection": "row",
                  "justifyContent": "space-between",
                  "marginBottom": 4,
                  "marginLeft": 0,
                  "marginRight": 0,
                  "marginTop": 4,
                  "width": "100%",
                },
              ]
            }
          >
            <Text
              style={
                Array [
                  Object {
                    "color": "#333333",
                    "fontFamily": "Heebo-Medium",
                    "fontSize": 12,
                  },
                ]
              }
            >
              ISBN-10
            </Text>
            <Text
              style={
                Array [
                  Object {
                    "color": "#999999",
                    "fontFamily": "Heebo-Regular",
                    "fontSize": 14,
                  },
                ]
              }
            >
              
               
            </Text>
          </View>
          <View
            style={
              Array [
                Object {
                  "alignItems": "center",
                  "flexDirection": "row",
                  "justifyContent": "space-between",
                  "marginBottom": 4,
                  "marginLeft": 0,
                  "marginRight": 0,
                  "marginTop": 4,
                  "width": "100%",
                },
              ]
            }
          >
            <Text
              style={
                Array [
                  Object {
                    "color": "#333333",
                    "fontFamily": "Heebo-Medium",
                    "fontSize": 12,
                  },
                ]
              }
            >
              ISBN-13
            </Text>
            <Text
              style={
                Array [
                  Object {
                    "color": "#999999",
                    "fontFamily": "Heebo-Regular",
                    "fontSize": 14,
                  },
                ]
              }
            >
              
               
            </Text>
          </View>
          <View
            style={
              Array [
                Object {
                  "alignItems": "center",
                  "flexDirection": "row",
                  "justifyContent": "space-between",
                  "marginBottom": 4,
                  "marginLeft": 0,
                  "marginRight": 0,
                  "marginTop": 4,
                  "width": "100%",
                },
              ]
            }
          >
            <Text
              style={
                Array [
                  Object {
                    "color": "#333333",
                    "fontFamily": "Heebo-Medium",
                    "fontSize": 12,
                  },
                ]
              }
            >
              Categoria
            </Text>
            <Text
              style={
                Array [
                  Object {
                    "color": "#999999",
                    "fontFamily": "Heebo-Regular",
                    "fontSize": 14,
                  },
                ]
              }
            >
              
            </Text>
          </View>
        </View>
        <View
          style={
            Array [
              Object {
                "marginTop": 16,
                "width": "100%",
              },
            ]
          }
        >
          <Text
            style={
              Array [
                Object {
                  "color": "#333333",
                  "fontFamily": "Heebo-Medium",
                  "fontSize": 16,
                  "marginBottom": 14,
                  "textTransform": "uppercase",
                },
              ]
            }
          >
            Resenha da Editora
          </Text>
          <View
            style={
              Array [
                Object {
                  "flexDirection": "row",
                  "width": "95%",
                },
              ]
            }
          >
            <Image
              source={
                Object {
                  "testUri": "../../../src/assets/images/mark.png",
                }
              }
              style={
                Array [
                  Object {
                    "marginBottom": 4,
                  },
                ]
              }
            />
            <Text
              style={
                Array [
                  Object {
                    "alignItems": "baseline",
                    "color": "#999999",
                    "fontFamily": "Heebo-Regular",
                    "fontSize": 14,
                    "textAlign": "justify",
                  },
                ]
              }
            >
               
              
            </Text>
          </View>
        </View>
      </View>
    </View>
  </RCTScrollView>
</RCTSafeAreaView>
`;
